// Jest Snapshot v1, https://goo.gl/fbAQLP

exports[`The Range display Component should match its snapshot. 1`] = `ShallowWrapper {}`;
